[currenswatch.com/index.html]
[backblue.gif]
[fade.gif]
[index.html]
[currenswatch.com/files/curren_watch_1/css/style.css]
[currenswatch.com/files/curren_watch_1/js/fancybox2/jquery.fancybox.css]
[infocdn-test.com/files/_js/jquery-1.10.2.min.js]
[currenswatch.com/files/_js/validation.js]
[currenswatch.com/files/curren_watch_1/js/jquery.carouFredSel-6.2.1-packed.js]
[currenswatch.com/files/curren_watch_1/js/fancybox2/jquery.fancybox.js]
[currenswatch.com/files/curren_watch_1/js/script1679.js]
[currenswatch.com/files/curren_watch_1/img/hitswathes.png]
[currenswatch.com/files/curren_watch_1/img/orderbutton.png]
[currenswatch.com/files/curren_watch_1/img/ico1.png]
[currenswatch.com/files/curren_watch_1/img/ico2.png]
[currenswatch.com/files/curren_watch_1/img/ico3.png]
[currenswatch.com/files/curren_watch_1/img/pr1.png]
[currenswatch.com/files/curren_watch_1/img/pr2.png]
[currenswatch.com/files/curren_watch_1/img/pr3.png]
[currenswatch.com/files/curren_watch_1/img/11.png]
[currenswatch.com/files/curren_watch_1/img/cch1.png]
[currenswatch.com/files/curren_watch_1/img/9c9cbcd3cdb892d9d29e4a14bde9b6cd-200x200.jpg]
[currenswatch.com/files/curren_watch_1/img/1.jpg]
[currenswatch.com/files/curren_watch_1/img/71a78e1bca0b2d1d8a2410a44c3ee4ef-200x200.jpg]
[currenswatch.com/files/curren_watch_1/img/2.jpg]
[currenswatch.com/files/curren_watch_1/img/140b4c4ffb725c2c95fdfd313129d476-200x200.jpg]
[currenswatch.com/files/curren_watch_1/img/3.jpg]
[currenswatch.com/files/curren_watch_1/img/9408bc9879b0c4db7c152f5d45da2168-200x200.jpg]
[currenswatch.com/files/curren_watch_1/img/4.jpg]
[currenswatch.com/files/curren_watch_1/img/a1601bf7dc429d247906cc54379b0aac-200x200.jpg]
[currenswatch.com/files/curren_watch_1/img/5.jpg]
[currenswatch.com/files/curren_watch_1/img/c86239680a67663281d4f4cc0f9caaca-200x200.jpg]
[currenswatch.com/files/curren_watch_1/img/6.jpg]
[currenswatch.com/files/curren_watch_1/img/d020cb6c33caf7f106cc3648fc1e6358-200x200.jpg]
[currenswatch.com/files/curren_watch_1/img/7.jpg]
[currenswatch.com/files/curren_watch_1/img/e1878756bfd95c0b556d0987efa6487a-200x200.jpg]
[currenswatch.com/files/curren_watch_1/img/8.jpg]
[currenswatch.com/files/curren_watch_1/img/ico1p.png]
[currenswatch.com/files/curren_watch_1/img/ico2p.png]
[currenswatch.com/files/curren_watch_1/img/ico3p.png]
[currenswatch.com/files/curren_watch_1/img/ico4p.png]
[currenswatch.com/files/curren_watch_1/img/ico5p.png]
[currenswatch.com/files/curren_watch_1/img/ico6p.png]
[currenswatch.com/files/curren_watch_1/img/kmr1.png]
[currenswatch.com/files/curren_watch_1/img/kmr2.png]
[currenswatch.com/files/curren_watch_1/img/kmr3.png]
[currenswatch.com/files/curren_watch_1/img/kmr4.png]
[currenswatch.com/files/curren_watch_1/img/codkQz0DazI.jpg]
[currenswatch.com/files/curren_watch_1/img/a_0c811011.jpg]
[currenswatch.com/files/curren_watch_1/img/Ddxhbf6GJjk.jpg]
[currenswatch.com/files/curren_watch_1/img/Mm0ltJvOXkI.jpg]
[currenswatch.com/files/curren_watch_1/img/VraLPQC0PLc.jpg]
[currenswatch.com/files/curren_watch_1/img/xgeXCltxyEA.jpg]
[currenswatch.com/files/curren_watch_1/img/y6Im3RH6gNw.jpg]
[currenswatch.com/files/curren_watch_1/img/garan1.png]
[currenswatch.com/files/curren_watch_1/img/garan2.png]
[currenswatch.com/files/curren_watch_1/img/garan3.png]
[currenswatch.com/files/_blocks/copyright/img/logo.jpg]
[currenswatch.com/privacypolicy.html]
[www.google-analytics.com/analytics.js]
[currenswatch.com/index.html]
[currenswatch.com/files/curren_watch_1/fonts/PFHandbookPro-Regular.eot]
[currenswatch.com/files/curren_watch_1/fonts/PFHandbookPro-Regular.woff]
[currenswatch.com/files/curren_watch_1/fonts/PFHandbookPro-Regulard41d.eot]
[currenswatch.com/files/curren_watch_1/fonts/PFHandbookPro-Bold.eot]
[currenswatch.com/files/curren_watch_1/fonts/PFHandbookPro-Regular.ttf]
[currenswatch.com/files/curren_watch_1/fonts/PFHandbookPro-Bold.woff]
[currenswatch.com/files/curren_watch_1/fonts/PFHandbookPro-Boldd41d.eot]
[currenswatch.com/files/curren_watch_1/fonts/PFHandbookPro-Thin.eot]
[currenswatch.com/files/curren_watch_1/fonts/PFHandbookPro-Bold.ttf]
[currenswatch.com/files/curren_watch_1/fonts/PFHandbookPro-Thind41d.eot]
[currenswatch.com/files/curren_watch_1/fonts/PFHandbookPro-Thin.ttf]
[currenswatch.com/files/curren_watch_1/fonts/PFHandbookPro-Thin.woff]
[currenswatch.com/files/curren_watch_1/img/bonus_rem.png]
[currenswatch.com/files/curren_watch_1/img/bonus_pb.png]
[currenswatch.com/files/curren_watch_1/img/bonus_knife_kred.png]
[currenswatch.com/files/curren_watch_1/img/haender0.jpg]
[currenswatch.com/files/curren_watch_1/img/header.jpg]
[currenswatch.com/files/curren_watch_1/img/img_f1.jpg]
[currenswatch.com/files/curren_watch_1/img/url_order.png]
[currenswatch.com/files/curren_watch_1/img/img_f2.jpg]
[currenswatch.com/files/curren_watch_1/img/img_f3.jpg]
[currenswatch.com/files/curren_watch_1/img/url_order1.png]
[currenswatch.com/files/curren_watch_1/img/img_f4.jpg]
[currenswatch.com/files/curren_watch_1/img/img_f5.jpg]
[currenswatch.com/files/curren_watch_1/img/blok_order.png]
[currenswatch.com/files/curren_watch_1/img/url_order2.png]
[currenswatch.com/files/curren_watch_1/img/taimer.png]
[currenswatch.com/files/curren_watch_1/img/pl3.png]
[currenswatch.com/files/curren_watch_1/img/img_f6.jpg]
[currenswatch.com/files/curren_watch_1/img/oziv.png]
[currenswatch.com/files/curren_watch_1/img/pl4.png]
[currenswatch.com/files/curren_watch_1/img/footer.png]
[currenswatch.com/files/curren_watch_1/img/overlay.png]
[currenswatch.com/files/curren_watch_1/img/contact_form_pop.png]
[currenswatch.com/files/curren_watch_1/img/close_pop.png]
[currenswatch.com/files/curren_watch_1/img/logo_form_pop.png]
[currenswatch.com/files/curren_watch_1/img/bt_form_pop.png]
[currenswatch.com/files/curren_watch_1/img/select_pop.png]
[currenswatch.com/files/curren_watch_1/img/contact_form_pop.jpg]
[currenswatch.com/files/curren_watch_1/css/style.css]
[currenswatch.com/files/curren_watch_1/js/fancybox2/fancybox_sprite.png]
[currenswatch.com/files/curren_watch_1/js/fancybox2/fancybox_loading.gif]
[currenswatch.com/files/curren_watch_1/js/fancybox2/blank.gif]
[currenswatch.com/files/curren_watch_1/js/fancybox2/fancybox_overlay.png]
[currenswatch.com/files/curren_watch_1/js/fancybox2/fancybox_sprite@2x.png]
[currenswatch.com/files/curren_watch_1/js/fancybox2/fancybox_loading@2x.gif]
[currenswatch.com/files/curren_watch_1/js/fancybox2/jquery.fancybox.css]
[infocdn-test.com/files/_js/jquery-1.10.2.min.js]
[currenswatch.com/files/_js/validation.js]
[currenswatch.com/files/curren_watch_1/js/jquery.carouFredSel-6.2.1-packed.js]
[currenswatch.com/files/curren_watch_1/js/fancybox2/jquery.fancybox.js]
[currenswatch.com/files/curren_watch_1/js/script1679.js]
[currenswatch.com/privacypolicy.html]
[a.marketgid.com/mgsensor2b1d.js]
[a.tovarro.com/mgsensor2b1d.js]
[currenswatch.com/files/_default/privacypolicy/RU/css/style.css]
[currenswatch.com/files/curren_watch_1/fonts/PFHandbookPro-Regular.svg]
[currenswatch.com/files/curren_watch_1/fonts/PFHandbookPro-Bold.svg]
[currenswatch.com/files/curren_watch_1/fonts/PFHandbookPro-Thin.svg]
[hitwatches.ru/curren/img/tenu_s.html]
[currenswatch.com/files/_default/privacypolicy/RU/img/bg.png]
[currenswatch.com/files/_default/privacypolicy/RU/css/style.css]
[curren-hit.ru/wp-content/themes/curren/img/close_pop.png]
[curren-hit.ru/wp-content/themes/curren/img/bt_form_pop.png]
