[currenswatch.com/success5828.html]
[backblue.gif]
[fade.gif]
[index.html]
[currenswatch.com/files/_default/success/RU/css/style.minc4ca.css]
[currenswatch.com/files/_default/success/RU/js/scriptc81e.js]
[currenswatch.com/files/_default/success/RU/js/jquery-latest.min.js]
[currenswatch.com/moreinfo5828.html]
[currenswatch.com/privacypolicy.html]
[www.google-analytics.com/analytics.js]
[currenswatch.com/success5828.html]
[currenswatch.com/files/_default/success/RU/fonts/appetite.eot]
[currenswatch.com/files/_default/success/RU/fonts/appetited41d.eot]
[currenswatch.com/files/_default/success/RU/fonts/appetite.ttf]
[currenswatch.com/files/_default/success/RU/fonts/appetite.woff]
[currenswatch.com/files/_default/success/RU/fonts/OfficinaSansBookC.eot]
[currenswatch.com/files/_default/success/RU/fonts/OfficinaSansBookCd41d.eot]
[currenswatch.com/files/_default/success/RU/fonts/OfficinaSansMediumC.eot]
[currenswatch.com/files/_default/success/RU/fonts/OfficinaSansBookC.woff]
[currenswatch.com/files/_default/success/RU/fonts/OfficinaSansMediumC.woff]
[currenswatch.com/files/_default/success/RU/fonts/OfficinaSansBookC.ttf]
[currenswatch.com/files/_default/success/RU/fonts/OfficinaSansMediumCd41d.eot]
[currenswatch.com/files/_default/success/RU/fonts/OfficinaSansMediumC.ttf]
[currenswatch.com/files/_default/success/RU/img/success_bg_line.jpg]
[currenswatch.com/files/_default/success/RU/img/bg.jpg]
[currenswatch.com/files/_default/success/RU/img/gift.png]
[currenswatch.com/files/_default/success/RU/img/sprite_element.png]
[currenswatch.com/files/_default/success/RU/css/style.minc4ca.css]
[currenswatch.com/files/_default/success/RU/js/jquery-latest.min.js]
[currenswatch.com/files/_default/success/RU/js/scriptc81e.js]
[currenswatch.com/files/_default/moreinfo/RU/css/style.css]
[currenswatch.com/moreinfo5828.html]
[currenswatch.com/files/_default/privacypolicy/RU/css/style.css]
[currenswatch.com/privacypolicy.html]
[a.marketgid.com/mgsensor2b1d.js]
[a.tovarro.com/mgsensor2b1d.js]
[currenswatch.com/files/_default/success/RU/fonts/appetite.svg]
[currenswatch.com/files/_default/success/RU/fonts/OfficinaSansBookC.svg]
[currenswatch.com/files/_default/success/RU/fonts/OfficinaSansMediumC.svg]
[currenswatch.com/files/_default/moreinfo/RU/img/bg.png]
[currenswatch.com/files/_default/moreinfo/RU/css/style.css]
[currenswatch.com/files/_default/privacypolicy/RU/img/bg.png]
[currenswatch.com/files/_default/privacypolicy/RU/css/style.css]
